Copyright 1986-2014 Xilinx, Inc. All Rights Reserved.
----------------------------------------------------------------------------------------------
| Tool Version : Vivado v.2014.4 (win64) Build 1071353 Tue Nov 18 18:29:27 MST 2014
| Date         : Mon Jun 08 17:39:50 2015
| Host         : IT052116 running 64-bit Service Pack 1  (build 7601)
| Command      : report_clock_utilization -file design_1_wrapper_clock_utilization_placed.rpt
| Design       : design_1_wrapper
| Device       : xc7z020
----------------------------------------------------------------------------------------------

Clock Utilization Report

Table of Contents
-----------------
1. Clock Primitive Utilization
2. Details of Global Clocks
3. Details of Regional Clocks
4. Details of Multi-Regional Clocks
5. Details of I/O Clocks
6. Details of Local Clocks
7. Clock Regions : Key Resource Utilization
8. Net wise resources used in clock region X0Y0
9. Net wise resources used in clock region X1Y0
10. Net wise resources used in clock region X0Y1
11. Net wise resources used in clock region X1Y1
12. Net wise resources used in clock region X0Y2
13. Net wise resources used in clock region X1Y2

1. Clock Primitive Utilization
------------------------------

+-------+------+-----------+-----------+
| Type  | Used | Available | Num Fixed |
+-------+------+-----------+-----------+
| BUFG  |    3 |        32 |         0 |
| BUFH  |    2 |        72 |         0 |
| BUFIO |    0 |        16 |         0 |
| MMCM  |    1 |         4 |         0 |
| PLL   |    0 |         4 |         0 |
| BUFR  |    0 |        16 |         0 |
| BUFMR |    0 |         8 |         0 |
+-------+------+-----------+-----------+


2. Details of Global Clocks
---------------------------

+-------+------------------------------------------------------------------------+--------------------------------------------------------------+--------------+-------+---------------+-----------+
|       |                                                                        |                                                              |   Num Loads  |       |               |           |
+-------+------------------------------------------------------------------------+--------------------------------------------------------------+------+-------+-------+---------------+-----------+
| Index | BUFG Cell                                                              | Net Name                                                     | BELs | Sites | Fixed | MaxDelay (ns) | Skew (ns) |
+-------+------------------------------------------------------------------------+--------------------------------------------------------------+------+-------+-------+---------------+-----------+
|     1 | design_1_i/clk_pat_RnM/inst/CLK_CORE_DRP_I/clk_inst/clkout1_buf        | design_1_i/clk_pat_RnM/inst/CLK_CORE_DRP_I/clk_inst/clk_out1 |    2 |     1 |    no |         1.948 |     0.203 |
|     2 | design_1_i/clk_pat_RnM/inst/CLK_CORE_DRP_I/clk_inst/clkout2_buf        | design_1_i/clk_pat_RnM/inst/CLK_CORE_DRP_I/clk_inst/clk_out2 |   74 |    20 |    no |         2.996 |     1.335 |
|     3 | design_1_i/processing_system7_0/inst/buffer_fclk_clk_0.FCLK_CLK_0_BUFG | design_1_i/processing_system7_0/inst/FCLK_CLK0               | 3560 |  1224 |    no |         2.212 |     0.573 |
+-------+------------------------------------------------------------------------+--------------------------------------------------------------+------+-------+-------+---------------+-----------+


+-------+--------------------------------------------------------------------+----------------------------------------------------------------------------------------+--------------+-------+---------------+-----------+
|       |                                                                    |                                                                                        |   Num Loads  |       |               |           |
+-------+--------------------------------------------------------------------+----------------------------------------------------------------------------------------+------+-------+-------+---------------+-----------+
| Index | BUFH Cell                                                          | Net Name                                                                               | BELs | Sites | Fixed | MaxDelay (ns) | Skew (ns) |
+-------+--------------------------------------------------------------------+----------------------------------------------------------------------------------------+------+-------+-------+---------------+-----------+
|     1 | design_1_i/clk_pat_RnM/inst/CLK_CORE_DRP_I/clk_inst/clkout1_buf_en | design_1_i/clk_pat_RnM/inst/CLK_CORE_DRP_I/clk_inst/clk_out1_design_1_clk_pat_0_en_clk |    8 |     1 |    no |         0.945 |     0.064 |
|     2 | design_1_i/clk_pat_RnM/inst/CLK_CORE_DRP_I/clk_inst/clkout2_buf_en | design_1_i/clk_pat_RnM/inst/CLK_CORE_DRP_I/clk_inst/clk_out2_design_1_clk_pat_0_en_clk |    8 |     1 |    no |         0.945 |     0.064 |
+-------+--------------------------------------------------------------------+----------------------------------------------------------------------------------------+------+-------+-------+---------------+-----------+


+-------+-------------------------------------------------------------------+---------------------------------------------------------------------------------+--------------+-------+---------------+-----------+
|       |                                                                   |                                                                                 |   Num Loads  |       |               |           |
+-------+-------------------------------------------------------------------+---------------------------------------------------------------------------------+------+-------+-------+---------------+-----------+
| Index | MMCM Cell                                                         | Net Name                                                                        | BELs | Sites | Fixed | MaxDelay (ns) | Skew (ns) |
+-------+-------------------------------------------------------------------+---------------------------------------------------------------------------------+------+-------+-------+---------------+-----------+
|     1 | design_1_i/clk_pat_RnM/inst/CLK_CORE_DRP_I/clk_inst/mmcm_adv_inst | design_1_i/clk_pat_RnM/inst/CLK_CORE_DRP_I/clk_inst/clkfbout_design_1_clk_pat_0 |    1 |     1 |    no |         0.014 |     0.001 |
|     2 | design_1_i/clk_pat_RnM/inst/CLK_CORE_DRP_I/clk_inst/mmcm_adv_inst | design_1_i/clk_pat_RnM/inst/CLK_CORE_DRP_I/clk_inst/clk_out1_design_1_clk_pat_0 |    2 |     2 |    no |         1.855 |     0.523 |
|     3 | design_1_i/clk_pat_RnM/inst/CLK_CORE_DRP_I/clk_inst/mmcm_adv_inst | design_1_i/clk_pat_RnM/inst/CLK_CORE_DRP_I/clk_inst/clk_out2_design_1_clk_pat_0 |    2 |     2 |    no |         1.855 |     0.523 |
+-------+-------------------------------------------------------------------+---------------------------------------------------------------------------------+------+-------+-------+---------------+-----------+


3. Details of Regional Clocks
-----------------------------

4. Details of Multi-Regional Clocks
-----------------------------------

5. Details of I/O Clocks
------------------------

6. Details of Local Clocks
--------------------------

7. Clock Regions : Key Resource Utilization
-------------------------------------------

+-------------------+--------------+--------------+--------------+--------------+--------------+--------------+--------------+--------------+--------------+--------------+--------------+--------------+--------------+--------------+--------------+
|                   | Global Clock |     BUFRs    |    BUFMRs    |    BUFIOs    |     MMCM     |      PLL     |      GT      |      PCI     |    ILOGIC    |    OLOGIC    |      FF      |     LUTM     |    RAMB18    |    RAMB36    |    DSP48E1   |
+-------------------+------+-------+------+-------+------+-------+------+-------+------+-------+------+-------+------+-------+------+-------+------+-------+------+-------+------+-------+------+-------+------+-------+------+-------+------+-------+
| Clock Region Name | Used | Avail | Used | Avail | Used | Avail | Used | Avail | Used | Avail | Used | Avail | Used | Avail | Used | Avail | Used | Avail | Used | Avail | Used | Avail | Used | Avail | Used | Avail | Used | Avail | Used | Avail |
+-------------------+------+-------+------+-------+------+-------+------+-------+------+-------+------+-------+------+-------+------+-------+------+-------+------+-------+------+-------+------+-------+------+-------+------+-------+------+-------+
| X0Y0              |    4 |    12 |    0 |     4 |    0 |     2 |    0 |     4 |    1 |     1 |    0 |     1 |    0 |     0 |    0 |     0 |    0 |    50 |    0 |    50 |  125 | 20000 |    0 |  4000 |    0 |    60 |    0 |    30 |    0 |    60 |
| X1Y0              |    1 |    12 |    0 |     4 |    0 |     2 |    0 |     4 |    0 |     1 |    0 |     1 |    0 |     0 |    0 |     0 |    0 |    50 |    0 |    50 |   32 | 25600 |    0 |  3400 |    0 |    60 |    0 |    30 |    0 |    40 |
| X0Y1              |    2 |    12 |    0 |     0 |    0 |     0 |    0 |     0 |    0 |     0 |    0 |     0 |    0 |     0 |    0 |     0 |    0 |     0 |    0 |     0 | 2055 |  9600 |   47 |  1600 |    0 |    20 |    0 |    10 |    0 |    20 |
| X1Y1              |    2 |    12 |    0 |     4 |    0 |     2 |    0 |     4 |    0 |     1 |    0 |     1 |    0 |     0 |    0 |     0 |    0 |    50 |    0 |    50 |  982 | 20800 |   18 |  3400 |    0 |    60 |    0 |    30 |    0 |    40 |
| X0Y2              |    2 |    12 |    0 |     0 |    0 |     0 |    0 |     0 |    0 |     0 |    0 |     0 |    0 |     0 |    0 |     0 |    0 |     0 |    0 |     0 |  346 |  9600 |   23 |  1600 |    0 |    20 |    0 |    10 |    0 |    20 |
| X1Y2              |    2 |    12 |    0 |     4 |    0 |     2 |    0 |     4 |    0 |     1 |    0 |     1 |    0 |     0 |    0 |     0 |    0 |    50 |    0 |    50 |   20 | 20800 |    0 |  3400 |    0 |    60 |    0 |    30 |    0 |    40 |
+-------------------+------+-------+------+-------+------+-------+------+-------+------+-------+------+-------+------+-------+------+-------+------+-------+------+-------+------+-------+------+-------+------+-------+------+-------+------+-------+
* RAMB36 site can be used as two RAMB18/FIFO18 sites


8. Net wise resources used in clock region X0Y0
-----------------------------------------------

+-------------+-------------+-------+-----------+----------+---------+-----------+---------+---------+-----+-------+----------+----------------------------------------------------------------------------------------+
| Source Type | BUFHCE Site | Fixed | MMCM Pins | PLL Pins | GT Pins | BRAM Pins | ILOGICs | OLOGICs | FFs | LUTMs | DSP48E1s |                                     Clock Net Name                                     |
+-------------+-------------+-------+-----------+----------+---------+-----------+---------+---------+-----+-------+----------+----------------------------------------------------------------------------------------+
| BUFH        |     ---     |   no  |         0 |        0 |       0 |         0 |       0 |       0 |   8 |     0 |        0 | design_1_i/clk_pat_RnM/inst/CLK_CORE_DRP_I/clk_inst/clk_out1_design_1_clk_pat_0_en_clk |
| BUFH        |     ---     |   no  |         0 |        0 |       0 |         0 |       0 |       0 |   8 |     0 |        0 | design_1_i/clk_pat_RnM/inst/CLK_CORE_DRP_I/clk_inst/clk_out2_design_1_clk_pat_0_en_clk |
| BUFG        |     ---     |   no  |         1 |        0 |       0 |         0 |       0 |       0 | 109 |     0 |        0 | design_1_i/processing_system7_0/inst/FCLK_CLK0                                         |
+-------------+-------------+-------+-----------+----------+---------+-----------+---------+---------+-----+-------+----------+----------------------------------------------------------------------------------------+


9. Net wise resources used in clock region X1Y0
-----------------------------------------------

+-------------+-------------+-------+-----------+----------+---------+-----------+---------+---------+-----+-------+----------+------------------------------------------------+
| Source Type | BUFHCE Site | Fixed | MMCM Pins | PLL Pins | GT Pins | BRAM Pins | ILOGICs | OLOGICs | FFs | LUTMs | DSP48E1s |                 Clock Net Name                 |
+-------------+-------------+-------+-----------+----------+---------+-----------+---------+---------+-----+-------+----------+------------------------------------------------+
| BUFG        |     ---     |   no  |         0 |        0 |       0 |         0 |       0 |       0 |  32 |     0 |        0 | design_1_i/processing_system7_0/inst/FCLK_CLK0 |
+-------------+-------------+-------+-----------+----------+---------+-----------+---------+---------+-----+-------+----------+------------------------------------------------+


10. Net wise resources used in clock region X0Y1
------------------------------------------------

+-------------+-------------+-------+-----------+----------+---------+-----------+---------+---------+------+-------+----------+--------------------------------------------------------------+
| Source Type | BUFHCE Site | Fixed | MMCM Pins | PLL Pins | GT Pins | BRAM Pins | ILOGICs | OLOGICs |  FFs | LUTMs | DSP48E1s |                        Clock Net Name                        |
+-------------+-------------+-------+-----------+----------+---------+-----------+---------+---------+------+-------+----------+--------------------------------------------------------------+
| BUFGCTRL    |     ---     |   no  |         0 |        0 |       0 |         0 |       0 |       0 |   17 |     0 |        0 | design_1_i/clk_pat_RnM/inst/CLK_CORE_DRP_I/clk_inst/clk_out2 |
| BUFG        |     ---     |   no  |         0 |        0 |       0 |         0 |       0 |       0 | 2038 |    47 |        0 | design_1_i/processing_system7_0/inst/FCLK_CLK0               |
+-------------+-------------+-------+-----------+----------+---------+-----------+---------+---------+------+-------+----------+--------------------------------------------------------------+


11. Net wise resources used in clock region X1Y1
------------------------------------------------

+-------------+-------------+-------+-----------+----------+---------+-----------+---------+---------+-----+-------+----------+--------------------------------------------------------------+
| Source Type | BUFHCE Site | Fixed | MMCM Pins | PLL Pins | GT Pins | BRAM Pins | ILOGICs | OLOGICs | FFs | LUTMs | DSP48E1s |                        Clock Net Name                        |
+-------------+-------------+-------+-----------+----------+---------+-----------+---------+---------+-----+-------+----------+--------------------------------------------------------------+
| BUFGCTRL    |     ---     |   no  |         0 |        0 |       0 |         0 |       0 |       0 |  12 |     0 |        0 | design_1_i/clk_pat_RnM/inst/CLK_CORE_DRP_I/clk_inst/clk_out2 |
| BUFG        |     ---     |   no  |         0 |        0 |       0 |         0 |       0 |       0 | 970 |    18 |        0 | design_1_i/processing_system7_0/inst/FCLK_CLK0               |
+-------------+-------------+-------+-----------+----------+---------+-----------+---------+---------+-----+-------+----------+--------------------------------------------------------------+


12. Net wise resources used in clock region X0Y2
------------------------------------------------

+-------------+-------------+-------+-----------+----------+---------+-----------+---------+---------+-----+-------+----------+--------------------------------------------------------------+
| Source Type | BUFHCE Site | Fixed | MMCM Pins | PLL Pins | GT Pins | BRAM Pins | ILOGICs | OLOGICs | FFs | LUTMs | DSP48E1s |                        Clock Net Name                        |
+-------------+-------------+-------+-----------+----------+---------+-----------+---------+---------+-----+-------+----------+--------------------------------------------------------------+
| BUFGCTRL    |     ---     |   no  |         0 |        0 |       0 |         0 |       0 |       0 |  44 |     0 |        0 | design_1_i/clk_pat_RnM/inst/CLK_CORE_DRP_I/clk_inst/clk_out2 |
| BUFG        |     ---     |   no  |         0 |        0 |       0 |         0 |       0 |       0 | 302 |    23 |        0 | design_1_i/processing_system7_0/inst/FCLK_CLK0               |
+-------------+-------------+-------+-----------+----------+---------+-----------+---------+---------+-----+-------+----------+--------------------------------------------------------------+


13. Net wise resources used in clock region X1Y2
------------------------------------------------

+-------------+-------------+-------+-----------+----------+---------+-----------+---------+---------+-----+-------+----------+--------------------------------------------------------------+
| Source Type | BUFHCE Site | Fixed | MMCM Pins | PLL Pins | GT Pins | BRAM Pins | ILOGICs | OLOGICs | FFs | LUTMs | DSP48E1s |                        Clock Net Name                        |
+-------------+-------------+-------+-----------+----------+---------+-----------+---------+---------+-----+-------+----------+--------------------------------------------------------------+
| BUFGCTRL    |     ---     |   no  |         0 |        0 |       0 |         0 |       0 |       0 |   1 |     0 |        0 | design_1_i/clk_pat_RnM/inst/CLK_CORE_DRP_I/clk_inst/clk_out1 |
| BUFG        |     ---     |   no  |         0 |        0 |       0 |         0 |       0 |       0 |  19 |     0 |        0 | design_1_i/processing_system7_0/inst/FCLK_CLK0               |
+-------------+-------------+-------+-----------+----------+---------+-----------+---------+---------+-----+-------+----------+--------------------------------------------------------------+



# Location of BUFG Primitives 
set_property LOC BUFGCTRL_X0Y1 [get_cells design_1_i/clk_pat_RnM/inst/CLK_CORE_DRP_I/clk_inst/clkout1_buf]
set_property LOC BUFGCTRL_X0Y0 [get_cells design_1_i/clk_pat_RnM/inst/CLK_CORE_DRP_I/clk_inst/clkout2_buf]
set_property LOC BUFGCTRL_X0Y16 [get_cells design_1_i/processing_system7_0/inst/buffer_fclk_clk_0.FCLK_CLK_0_BUFG]

# Location of IO Clock Primitives

# Location of MMCM Clock Primitives
set_property LOC MMCME2_ADV_X0Y0 [get_cells design_1_i/clk_pat_RnM/inst/CLK_CORE_DRP_I/clk_inst/mmcm_adv_inst]

# Location of BUFH Clock Primitives
set_property LOC BUFHCE_X0Y0 [get_cells design_1_i/clk_pat_RnM/inst/CLK_CORE_DRP_I/clk_inst/clkout1_buf_en]
set_property LOC BUFHCE_X0Y1 [get_cells design_1_i/clk_pat_RnM/inst/CLK_CORE_DRP_I/clk_inst/clkout2_buf_en]

# Location of BUFR Clock Primitives

# Location of BUFMR Clock Primitives

# Location of PLL Clock Primitives

# Location of IO Primitives which is load of clock spine
set_property LOC IOB_X0Y4 [get_cells pwm_clk_OBUF_inst]

# Location of clock ports
set_property LOC IOB_X0Y26 [get_ports sys_clock]

# Clock net "design_1_i/clk_pat_RnM/inst/CLK_CORE_DRP_I/clk_inst/clk_out1" driven by instance "design_1_i/clk_pat_RnM/inst/CLK_CORE_DRP_I/clk_inst/clkout1_buf" located at site "BUFGCTRL_X0Y1"
#startgroup
create_pblock CLKAG_design_1_i/clk_pat_RnM/inst/CLK_CORE_DRP_I/clk_inst/clk_out1
add_cells_to_pblock [get_pblocks  CLKAG_design_1_i/clk_pat_RnM/inst/CLK_CORE_DRP_I/clk_inst/clk_out1] [get_cells  -filter { IS_PRIMITIVE==1 && PRIMITIVE_LEVEL !=INTERNAL } -of_object [get_pins -filter {DIRECTION==IN} -of_objects [get_nets -hierarchical -filter {PARENT=="design_1_i/clk_pat_RnM/inst/CLK_CORE_DRP_I/clk_inst/clk_out1"}]]]
resize_pblock [get_pblocks CLKAG_design_1_i/clk_pat_RnM/inst/CLK_CORE_DRP_I/clk_inst/clk_out1] -add {CLOCKREGION_X0Y0:CLOCKREGION_X0Y0 CLOCKREGION_X0Y1:CLOCKREGION_X0Y1 CLOCKREGION_X0Y2:CLOCKREGION_X0Y2 CLOCKREGION_X1Y0:CLOCKREGION_X1Y0 CLOCKREGION_X1Y1:CLOCKREGION_X1Y1 CLOCKREGION_X1Y2:CLOCKREGION_X1Y2}
#endgroup

# Clock net "design_1_i/clk_pat_RnM/inst/CLK_CORE_DRP_I/clk_inst/clk_out1_design_1_clk_pat_0_en_clk" driven by instance "design_1_i/clk_pat_RnM/inst/CLK_CORE_DRP_I/clk_inst/clkout1_buf_en" located at site "BUFHCE_X0Y0"
#startgroup
create_pblock CLKAG_design_1_i/clk_pat_RnM/inst/CLK_CORE_DRP_I/clk_inst/clk_out1_design_1_clk_pat_0_en_clk
add_cells_to_pblock [get_pblocks  CLKAG_design_1_i/clk_pat_RnM/inst/CLK_CORE_DRP_I/clk_inst/clk_out1_design_1_clk_pat_0_en_clk] [get_cells  -filter { IS_PRIMITIVE==1 && PRIMITIVE_LEVEL !=INTERNAL } -of_object [get_pins -filter {DIRECTION==IN} -of_objects [get_nets -hierarchical -filter {PARENT=="design_1_i/clk_pat_RnM/inst/CLK_CORE_DRP_I/clk_inst/clk_out1_design_1_clk_pat_0_en_clk"}]]]
resize_pblock [get_pblocks CLKAG_design_1_i/clk_pat_RnM/inst/CLK_CORE_DRP_I/clk_inst/clk_out1_design_1_clk_pat_0_en_clk] -add {CLOCKREGION_X0Y0:CLOCKREGION_X0Y0}
#endgroup

# Clock net "design_1_i/clk_pat_RnM/inst/CLK_CORE_DRP_I/clk_inst/clk_out2" driven by instance "design_1_i/clk_pat_RnM/inst/CLK_CORE_DRP_I/clk_inst/clkout2_buf" located at site "BUFGCTRL_X0Y0"
#startgroup
create_pblock CLKAG_design_1_i/clk_pat_RnM/inst/CLK_CORE_DRP_I/clk_inst/clk_out2
add_cells_to_pblock [get_pblocks  CLKAG_design_1_i/clk_pat_RnM/inst/CLK_CORE_DRP_I/clk_inst/clk_out2] [get_cells  -filter { IS_PRIMITIVE==1 && PRIMITIVE_LEVEL !=INTERNAL && NAME!=pwm_clk_OBUF_inst} -of_object [get_pins -filter {DIRECTION==IN} -of_objects [get_nets -hierarchical -filter {PARENT=="design_1_i/clk_pat_RnM/inst/CLK_CORE_DRP_I/clk_inst/clk_out2"}]]]
resize_pblock [get_pblocks CLKAG_design_1_i/clk_pat_RnM/inst/CLK_CORE_DRP_I/clk_inst/clk_out2] -add {CLOCKREGION_X0Y0:CLOCKREGION_X0Y0 CLOCKREGION_X0Y1:CLOCKREGION_X0Y1 CLOCKREGION_X0Y2:CLOCKREGION_X0Y2 CLOCKREGION_X1Y0:CLOCKREGION_X1Y0 CLOCKREGION_X1Y1:CLOCKREGION_X1Y1 CLOCKREGION_X1Y2:CLOCKREGION_X1Y2}
#endgroup

# Clock net "design_1_i/clk_pat_RnM/inst/CLK_CORE_DRP_I/clk_inst/clk_out2_design_1_clk_pat_0_en_clk" driven by instance "design_1_i/clk_pat_RnM/inst/CLK_CORE_DRP_I/clk_inst/clkout2_buf_en" located at site "BUFHCE_X0Y1"
#startgroup
create_pblock CLKAG_design_1_i/clk_pat_RnM/inst/CLK_CORE_DRP_I/clk_inst/clk_out2_design_1_clk_pat_0_en_clk
add_cells_to_pblock [get_pblocks  CLKAG_design_1_i/clk_pat_RnM/inst/CLK_CORE_DRP_I/clk_inst/clk_out2_design_1_clk_pat_0_en_clk] [get_cells  -filter { IS_PRIMITIVE==1 && PRIMITIVE_LEVEL !=INTERNAL } -of_object [get_pins -filter {DIRECTION==IN} -of_objects [get_nets -hierarchical -filter {PARENT=="design_1_i/clk_pat_RnM/inst/CLK_CORE_DRP_I/clk_inst/clk_out2_design_1_clk_pat_0_en_clk"}]]]
resize_pblock [get_pblocks CLKAG_design_1_i/clk_pat_RnM/inst/CLK_CORE_DRP_I/clk_inst/clk_out2_design_1_clk_pat_0_en_clk] -add {CLOCKREGION_X0Y0:CLOCKREGION_X0Y0}
#endgroup

# Clock net "design_1_i/processing_system7_0/inst/FCLK_CLK0" driven by instance "design_1_i/processing_system7_0/inst/buffer_fclk_clk_0.FCLK_CLK_0_BUFG" located at site "BUFGCTRL_X0Y16"
#startgroup
create_pblock CLKAG_design_1_i/processing_system7_0/inst/FCLK_CLK0
add_cells_to_pblock [get_pblocks  CLKAG_design_1_i/processing_system7_0/inst/FCLK_CLK0] [get_cells  -filter { IS_PRIMITIVE==1 && PRIMITIVE_LEVEL !=INTERNAL && NAME!=design_1_i/clk_pat_RnM/inst/CLK_CORE_DRP_I/clk_inst/mmcm_adv_inst} -of_object [get_pins -filter {DIRECTION==IN} -of_objects [get_nets -hierarchical -filter {PARENT=="design_1_i/processing_system7_0/inst/FCLK_CLK0"}]]]
resize_pblock [get_pblocks CLKAG_design_1_i/processing_system7_0/inst/FCLK_CLK0] -add {CLOCKREGION_X0Y0:CLOCKREGION_X0Y0 CLOCKREGION_X0Y1:CLOCKREGION_X0Y1 CLOCKREGION_X0Y2:CLOCKREGION_X0Y2 CLOCKREGION_X1Y0:CLOCKREGION_X1Y0 CLOCKREGION_X1Y1:CLOCKREGION_X1Y1 CLOCKREGION_X1Y2:CLOCKREGION_X1Y2}
#endgroup
